// Jest Snapshot v1, https://goo.gl/fbAQLP

exports[`renders correctly for a basic input 1`] = `
.c1 {
  margin: unset;
  padding: unset;
  border: unset;
  background: unset;
  font: unset;
  font-family: inherit;
  font-size: 100%;
  box-sizing: border-box;
  background-color: unset;
  color: inherit;
}

.c3 {
  margin: unset;
  padding: unset;
  border: unset;
  background: unset;
  font: unset;
  font-family: inherit;
  font-size: 100%;
  box-sizing: border-box;
  background-color: white;
  color: inherit;
}

.c0 {
  box-sizing: border-box;
  font-family: system-ui,-apple-system,BlinkMacSystemFont,'Segoe UI',Roboto,Oxygen,Ubuntu,Cantarell,'Fira Sans', 'Droid Sans','Helvetica Neue',sans-serif;
  font-size: 16px;
  font-weight: 400;
  line-height: 1.5;
  margin: 0;
  padding: 0;
  overflow-x: hidden;
  -webkit-font-smoothing: antialiased;
  text-rendering: optimizeLegibility;
  color: #435a6f;
}

.c0 *,
.c0 *::before,
.c0 *::after {
  box-sizing: inherit;
}

.c0 *:focus {
  outline: 2px solid #586ccf;
  outline-offset: 2px;
}

.c2 {
  border: 1px solid #bdbdbd;
  box-shadow: inset 0px 1px 2px #e5e5e5;
  border-radius: 0.2em;
  padding: 0.4em 0.6em;
}

.c2[disabled] {
  background-color: #f2f2f2;
  box-shadow: unset;
  color: #8d8d8d;
}

.c2:focus {
  outline: unset;
  z-index: 2;
  border-color: #586ccf;
  box-shadow: #586ccf 0px 0px 0px 1px !important;
}

.c2::-webkit-input-placeholder {
  opacity: 0.6;
}

.c2::-moz-placeholder {
  opacity: 0.6;
}

.c2:-ms-input-placeholder {
  opacity: 0.6;
}

.c2::placeholder {
  opacity: 0.6;
}

<div
  class="c0 c1"
>
  <input
    aria-invalid="false"
    aria-required="false"
    class="c2 c3"
    style="size: default;"
    type="text"
    value=""
  />
</div>
`;

exports[`renders correctly for a disabled input 1`] = `
.c1 {
  margin: unset;
  padding: unset;
  border: unset;
  background: unset;
  font: unset;
  font-family: inherit;
  font-size: 100%;
  box-sizing: border-box;
  background-color: unset;
  color: inherit;
}

.c3 {
  margin: unset;
  padding: unset;
  border: unset;
  background: unset;
  font: unset;
  font-family: inherit;
  font-size: 100%;
  box-sizing: border-box;
  background-color: white;
  color: inherit;
}

.c0 {
  box-sizing: border-box;
  font-family: system-ui,-apple-system,BlinkMacSystemFont,'Segoe UI',Roboto,Oxygen,Ubuntu,Cantarell,'Fira Sans', 'Droid Sans','Helvetica Neue',sans-serif;
  font-size: 16px;
  font-weight: 400;
  line-height: 1.5;
  margin: 0;
  padding: 0;
  overflow-x: hidden;
  -webkit-font-smoothing: antialiased;
  text-rendering: optimizeLegibility;
  color: #435a6f;
}

.c0 *,
.c0 *::before,
.c0 *::after {
  box-sizing: inherit;
}

.c0 *:focus {
  outline: 2px solid #586ccf;
  outline-offset: 2px;
}

.c2 {
  border: 1px solid #bdbdbd;
  box-shadow: inset 0px 1px 2px #e5e5e5;
  border-radius: 0.2em;
  padding: 0.4em 0.6em;
}

.c2[disabled] {
  background-color: #f2f2f2;
  box-shadow: unset;
  color: #8d8d8d;
}

.c2:focus {
  outline: unset;
  z-index: 2;
  border-color: #586ccf;
  box-shadow: #586ccf 0px 0px 0px 1px !important;
}

.c2::-webkit-input-placeholder {
  opacity: 0.6;
}

.c2::-moz-placeholder {
  opacity: 0.6;
}

.c2:-ms-input-placeholder {
  opacity: 0.6;
}

.c2::placeholder {
  opacity: 0.6;
}

<div
  class="c0 c1"
>
  <input
    aria-invalid="false"
    aria-required="false"
    class="c2 c3"
    disabled=""
    style="size: default;"
    type="text"
    value=""
  />
</div>
`;

exports[`renders correctly for a full width input 1`] = `
.c1 {
  margin: unset;
  padding: unset;
  border: unset;
  background: unset;
  font: unset;
  font-family: inherit;
  font-size: 100%;
  box-sizing: border-box;
  background-color: unset;
  color: inherit;
}

.c3 {
  margin: unset;
  padding: unset;
  border: unset;
  background: unset;
  font: unset;
  font-family: inherit;
  font-size: 100%;
  box-sizing: border-box;
  background-color: white;
  color: inherit;
}

.c0 {
  box-sizing: border-box;
  font-family: system-ui,-apple-system,BlinkMacSystemFont,'Segoe UI',Roboto,Oxygen,Ubuntu,Cantarell,'Fira Sans', 'Droid Sans','Helvetica Neue',sans-serif;
  font-size: 16px;
  font-weight: 400;
  line-height: 1.5;
  margin: 0;
  padding: 0;
  overflow-x: hidden;
  -webkit-font-smoothing: antialiased;
  text-rendering: optimizeLegibility;
  color: #435a6f;
}

.c0 *,
.c0 *::before,
.c0 *::after {
  box-sizing: inherit;
}

.c0 *:focus {
  outline: 2px solid #586ccf;
  outline-offset: 2px;
}

.c2 {
  border: 1px solid #bdbdbd;
  box-shadow: inset 0px 1px 2px #e5e5e5;
  border-radius: 0.2em;
  padding: 0.4em 0.6em;
}

.c2[disabled] {
  background-color: #f2f2f2;
  box-shadow: unset;
  color: #8d8d8d;
}

.c2:focus {
  outline: unset;
  z-index: 2;
  border-color: #586ccf;
  box-shadow: #586ccf 0px 0px 0px 1px !important;
}

.c2::-webkit-input-placeholder {
  opacity: 0.6;
}

.c2::-moz-placeholder {
  opacity: 0.6;
}

.c2:-ms-input-placeholder {
  opacity: 0.6;
}

.c2::placeholder {
  opacity: 0.6;
}

.c2 {
  width: 100%;
}

<div
  class="c0 c1"
>
  <input
    aria-invalid="false"
    aria-required="false"
    class="c2 c3"
    style="size: default;"
    type="text"
    value=""
  />
</div>
`;

exports[`renders correctly for an input with a default value 1`] = `
.c1 {
  margin: unset;
  padding: unset;
  border: unset;
  background: unset;
  font: unset;
  font-family: inherit;
  font-size: 100%;
  box-sizing: border-box;
  background-color: unset;
  color: inherit;
}

.c3 {
  margin: unset;
  padding: unset;
  border: unset;
  background: unset;
  font: unset;
  font-family: inherit;
  font-size: 100%;
  box-sizing: border-box;
  background-color: white;
  color: inherit;
}

.c0 {
  box-sizing: border-box;
  font-family: system-ui,-apple-system,BlinkMacSystemFont,'Segoe UI',Roboto,Oxygen,Ubuntu,Cantarell,'Fira Sans', 'Droid Sans','Helvetica Neue',sans-serif;
  font-size: 16px;
  font-weight: 400;
  line-height: 1.5;
  margin: 0;
  padding: 0;
  overflow-x: hidden;
  -webkit-font-smoothing: antialiased;
  text-rendering: optimizeLegibility;
  color: #435a6f;
}

.c0 *,
.c0 *::before,
.c0 *::after {
  box-sizing: inherit;
}

.c0 *:focus {
  outline: 2px solid #586ccf;
  outline-offset: 2px;
}

.c2 {
  border: 1px solid #bdbdbd;
  box-shadow: inset 0px 1px 2px #e5e5e5;
  border-radius: 0.2em;
  padding: 0.4em 0.6em;
}

.c2[disabled] {
  background-color: #f2f2f2;
  box-shadow: unset;
  color: #8d8d8d;
}

.c2:focus {
  outline: unset;
  z-index: 2;
  border-color: #586ccf;
  box-shadow: #586ccf 0px 0px 0px 1px !important;
}

.c2::-webkit-input-placeholder {
  opacity: 0.6;
}

.c2::-moz-placeholder {
  opacity: 0.6;
}

.c2:-ms-input-placeholder {
  opacity: 0.6;
}

.c2::placeholder {
  opacity: 0.6;
}

<div
  class="c0 c1"
>
  <input
    aria-invalid="false"
    aria-required="false"
    class="c2 c3"
    style="size: default;"
    type="text"
    value="Awesome value"
  />
</div>
`;

exports[`renders correctly for an input with a placeholder 1`] = `
.c1 {
  margin: unset;
  padding: unset;
  border: unset;
  background: unset;
  font: unset;
  font-family: inherit;
  font-size: 100%;
  box-sizing: border-box;
  background-color: unset;
  color: inherit;
}

.c3 {
  margin: unset;
  padding: unset;
  border: unset;
  background: unset;
  font: unset;
  font-family: inherit;
  font-size: 100%;
  box-sizing: border-box;
  background-color: white;
  color: inherit;
}

.c0 {
  box-sizing: border-box;
  font-family: system-ui,-apple-system,BlinkMacSystemFont,'Segoe UI',Roboto,Oxygen,Ubuntu,Cantarell,'Fira Sans', 'Droid Sans','Helvetica Neue',sans-serif;
  font-size: 16px;
  font-weight: 400;
  line-height: 1.5;
  margin: 0;
  padding: 0;
  overflow-x: hidden;
  -webkit-font-smoothing: antialiased;
  text-rendering: optimizeLegibility;
  color: #435a6f;
}

.c0 *,
.c0 *::before,
.c0 *::after {
  box-sizing: inherit;
}

.c0 *:focus {
  outline: 2px solid #586ccf;
  outline-offset: 2px;
}

.c2 {
  border: 1px solid #bdbdbd;
  box-shadow: inset 0px 1px 2px #e5e5e5;
  border-radius: 0.2em;
  padding: 0.4em 0.6em;
}

.c2[disabled] {
  background-color: #f2f2f2;
  box-shadow: unset;
  color: #8d8d8d;
}

.c2:focus {
  outline: unset;
  z-index: 2;
  border-color: #586ccf;
  box-shadow: #586ccf 0px 0px 0px 1px !important;
}

.c2::-webkit-input-placeholder {
  opacity: 0.6;
}

.c2::-moz-placeholder {
  opacity: 0.6;
}

.c2:-ms-input-placeholder {
  opacity: 0.6;
}

.c2::placeholder {
  opacity: 0.6;
}

<div
  class="c0 c1"
>
  <input
    aria-invalid="false"
    aria-required="false"
    class="c2 c3"
    placeholder="Awesome placeholder"
    style="size: default;"
    type="text"
    value=""
  />
</div>
`;

exports[`sizes renders correctly for an input with size large 1`] = `
.c1 {
  margin: unset;
  padding: unset;
  border: unset;
  background: unset;
  font: unset;
  font-family: inherit;
  font-size: 100%;
  box-sizing: border-box;
  background-color: unset;
  color: inherit;
}

.c3 {
  margin: unset;
  padding: unset;
  border: unset;
  background: unset;
  font: unset;
  font-family: inherit;
  font-size: 100%;
  box-sizing: border-box;
  background-color: white;
  color: inherit;
}

.c0 {
  box-sizing: border-box;
  font-family: system-ui,-apple-system,BlinkMacSystemFont,'Segoe UI',Roboto,Oxygen,Ubuntu,Cantarell,'Fira Sans', 'Droid Sans','Helvetica Neue',sans-serif;
  font-size: 16px;
  font-weight: 400;
  line-height: 1.5;
  margin: 0;
  padding: 0;
  overflow-x: hidden;
  -webkit-font-smoothing: antialiased;
  text-rendering: optimizeLegibility;
  color: #435a6f;
}

.c0 *,
.c0 *::before,
.c0 *::after {
  box-sizing: inherit;
}

.c0 *:focus {
  outline: 2px solid #586ccf;
  outline-offset: 2px;
}

.c2 {
  border: 1px solid #bdbdbd;
  box-shadow: inset 0px 1px 2px #e5e5e5;
  border-radius: 0.2em;
  padding: 0.4em 0.6em;
}

.c2[disabled] {
  background-color: #f2f2f2;
  box-shadow: unset;
  color: #8d8d8d;
}

.c2:focus {
  outline: unset;
  z-index: 2;
  border-color: #586ccf;
  box-shadow: #586ccf 0px 0px 0px 1px !important;
}

.c2::-webkit-input-placeholder {
  opacity: 0.6;
}

.c2::-moz-placeholder {
  opacity: 0.6;
}

.c2:-ms-input-placeholder {
  opacity: 0.6;
}

.c2::placeholder {
  opacity: 0.6;
}

.c2 {
  font-size: 1.5rem;
}

<div
  class="c0 c1"
>
  <input
    aria-invalid="false"
    aria-required="false"
    class="c2 c3"
    style="size: large;"
    type="text"
    value=""
  />
</div>
`;

exports[`sizes renders correctly for an input with size medium 1`] = `
.c1 {
  margin: unset;
  padding: unset;
  border: unset;
  background: unset;
  font: unset;
  font-family: inherit;
  font-size: 100%;
  box-sizing: border-box;
  background-color: unset;
  color: inherit;
}

.c3 {
  margin: unset;
  padding: unset;
  border: unset;
  background: unset;
  font: unset;
  font-family: inherit;
  font-size: 100%;
  box-sizing: border-box;
  background-color: white;
  color: inherit;
}

.c0 {
  box-sizing: border-box;
  font-family: system-ui,-apple-system,BlinkMacSystemFont,'Segoe UI',Roboto,Oxygen,Ubuntu,Cantarell,'Fira Sans', 'Droid Sans','Helvetica Neue',sans-serif;
  font-size: 16px;
  font-weight: 400;
  line-height: 1.5;
  margin: 0;
  padding: 0;
  overflow-x: hidden;
  -webkit-font-smoothing: antialiased;
  text-rendering: optimizeLegibility;
  color: #435a6f;
}

.c0 *,
.c0 *::before,
.c0 *::after {
  box-sizing: inherit;
}

.c0 *:focus {
  outline: 2px solid #586ccf;
  outline-offset: 2px;
}

.c2 {
  border: 1px solid #bdbdbd;
  box-shadow: inset 0px 1px 2px #e5e5e5;
  border-radius: 0.2em;
  padding: 0.4em 0.6em;
}

.c2[disabled] {
  background-color: #f2f2f2;
  box-shadow: unset;
  color: #8d8d8d;
}

.c2:focus {
  outline: unset;
  z-index: 2;
  border-color: #586ccf;
  box-shadow: #586ccf 0px 0px 0px 1px !important;
}

.c2::-webkit-input-placeholder {
  opacity: 0.6;
}

.c2::-moz-placeholder {
  opacity: 0.6;
}

.c2:-ms-input-placeholder {
  opacity: 0.6;
}

.c2::placeholder {
  opacity: 0.6;
}

.c2 {
  font-size: 1.25rem;
}

<div
  class="c0 c1"
>
  <input
    aria-invalid="false"
    aria-required="false"
    class="c2 c3"
    style="size: medium;"
    type="text"
    value=""
  />
</div>
`;

exports[`sizes renders correctly for an input with size small 1`] = `
.c1 {
  margin: unset;
  padding: unset;
  border: unset;
  background: unset;
  font: unset;
  font-family: inherit;
  font-size: 100%;
  box-sizing: border-box;
  background-color: unset;
  color: inherit;
}

.c3 {
  margin: unset;
  padding: unset;
  border: unset;
  background: unset;
  font: unset;
  font-family: inherit;
  font-size: 100%;
  box-sizing: border-box;
  background-color: white;
  color: inherit;
}

.c0 {
  box-sizing: border-box;
  font-family: system-ui,-apple-system,BlinkMacSystemFont,'Segoe UI',Roboto,Oxygen,Ubuntu,Cantarell,'Fira Sans', 'Droid Sans','Helvetica Neue',sans-serif;
  font-size: 16px;
  font-weight: 400;
  line-height: 1.5;
  margin: 0;
  padding: 0;
  overflow-x: hidden;
  -webkit-font-smoothing: antialiased;
  text-rendering: optimizeLegibility;
  color: #435a6f;
}

.c0 *,
.c0 *::before,
.c0 *::after {
  box-sizing: inherit;
}

.c0 *:focus {
  outline: 2px solid #586ccf;
  outline-offset: 2px;
}

.c2 {
  border: 1px solid #bdbdbd;
  box-shadow: inset 0px 1px 2px #e5e5e5;
  border-radius: 0.2em;
  padding: 0.4em 0.6em;
}

.c2[disabled] {
  background-color: #f2f2f2;
  box-shadow: unset;
  color: #8d8d8d;
}

.c2:focus {
  outline: unset;
  z-index: 2;
  border-color: #586ccf;
  box-shadow: #586ccf 0px 0px 0px 1px !important;
}

.c2::-webkit-input-placeholder {
  opacity: 0.6;
}

.c2::-moz-placeholder {
  opacity: 0.6;
}

.c2:-ms-input-placeholder {
  opacity: 0.6;
}

.c2::placeholder {
  opacity: 0.6;
}

.c2 {
  font-size: 0.8rem;
}

<div
  class="c0 c1"
>
  <input
    aria-invalid="false"
    aria-required="false"
    class="c2 c3"
    style="size: small;"
    type="text"
    value=""
  />
</div>
`;

exports[`states renders correctly for an input with state danger 1`] = `
.c1 {
  margin: unset;
  padding: unset;
  border: unset;
  background: unset;
  font: unset;
  font-family: inherit;
  font-size: 100%;
  box-sizing: border-box;
  background-color: unset;
  color: inherit;
}

.c3 {
  margin: unset;
  padding: unset;
  border: unset;
  background: unset;
  font: unset;
  font-family: inherit;
  font-size: 100%;
  box-sizing: border-box;
  background-color: white;
  color: inherit;
}

.c0 {
  box-sizing: border-box;
  font-family: system-ui,-apple-system,BlinkMacSystemFont,'Segoe UI',Roboto,Oxygen,Ubuntu,Cantarell,'Fira Sans', 'Droid Sans','Helvetica Neue',sans-serif;
  font-size: 16px;
  font-weight: 400;
  line-height: 1.5;
  margin: 0;
  padding: 0;
  overflow-x: hidden;
  -webkit-font-smoothing: antialiased;
  text-rendering: optimizeLegibility;
  color: #435a6f;
}

.c0 *,
.c0 *::before,
.c0 *::after {
  box-sizing: inherit;
}

.c0 *:focus {
  outline: 2px solid #586ccf;
  outline-offset: 2px;
}

.c2 {
  border: 1px solid #bdbdbd;
  box-shadow: inset 0px 1px 2px #e5e5e5;
  border-radius: 0.2em;
  padding: 0.4em 0.6em;
}

.c2[disabled] {
  background-color: #f2f2f2;
  box-shadow: unset;
  color: #8d8d8d;
}

.c2:focus {
  outline: unset;
  z-index: 2;
  border-color: #586ccf;
  box-shadow: #586ccf 0px 0px 0px 1px !important;
}

.c2::-webkit-input-placeholder {
  opacity: 0.6;
}

.c2::-moz-placeholder {
  opacity: 0.6;
}

.c2:-ms-input-placeholder {
  opacity: 0.6;
}

.c2::placeholder {
  opacity: 0.6;
}

.c2 {
  border-color: #e24c67;
  box-shadow: #e24c67 0px 0px 0px 1px !important;
}

<div
  class="c0 c1"
>
  <input
    aria-invalid="true"
    aria-required="false"
    class="c2 c3"
    style="size: default;"
    type="text"
    value=""
  />
</div>
`;

exports[`states renders correctly for an input with state primary 1`] = `
.c1 {
  margin: unset;
  padding: unset;
  border: unset;
  background: unset;
  font: unset;
  font-family: inherit;
  font-size: 100%;
  box-sizing: border-box;
  background-color: unset;
  color: inherit;
}

.c3 {
  margin: unset;
  padding: unset;
  border: unset;
  background: unset;
  font: unset;
  font-family: inherit;
  font-size: 100%;
  box-sizing: border-box;
  background-color: white;
  color: inherit;
}

.c0 {
  box-sizing: border-box;
  font-family: system-ui,-apple-system,BlinkMacSystemFont,'Segoe UI',Roboto,Oxygen,Ubuntu,Cantarell,'Fira Sans', 'Droid Sans','Helvetica Neue',sans-serif;
  font-size: 16px;
  font-weight: 400;
  line-height: 1.5;
  margin: 0;
  padding: 0;
  overflow-x: hidden;
  -webkit-font-smoothing: antialiased;
  text-rendering: optimizeLegibility;
  color: #435a6f;
}

.c0 *,
.c0 *::before,
.c0 *::after {
  box-sizing: inherit;
}

.c0 *:focus {
  outline: 2px solid #586ccf;
  outline-offset: 2px;
}

.c2 {
  border: 1px solid #bdbdbd;
  box-shadow: inset 0px 1px 2px #e5e5e5;
  border-radius: 0.2em;
  padding: 0.4em 0.6em;
}

.c2[disabled] {
  background-color: #f2f2f2;
  box-shadow: unset;
  color: #8d8d8d;
}

.c2:focus {
  outline: unset;
  z-index: 2;
  border-color: #586ccf;
  box-shadow: #586ccf 0px 0px 0px 1px !important;
}

.c2::-webkit-input-placeholder {
  opacity: 0.6;
}

.c2::-moz-placeholder {
  opacity: 0.6;
}

.c2:-ms-input-placeholder {
  opacity: 0.6;
}

.c2::placeholder {
  opacity: 0.6;
}

.c2 {
  border-color: #586ccf;
  box-shadow: #586ccf 0px 0px 0px 1px !important;
}

<div
  class="c0 c1"
>
  <input
    aria-invalid="false"
    aria-required="false"
    class="c2 c3"
    style="size: default;"
    type="text"
    value=""
  />
</div>
`;

exports[`states renders correctly for an input with state success 1`] = `
.c1 {
  margin: unset;
  padding: unset;
  border: unset;
  background: unset;
  font: unset;
  font-family: inherit;
  font-size: 100%;
  box-sizing: border-box;
  background-color: unset;
  color: inherit;
}

.c3 {
  margin: unset;
  padding: unset;
  border: unset;
  background: unset;
  font: unset;
  font-family: inherit;
  font-size: 100%;
  box-sizing: border-box;
  background-color: white;
  color: inherit;
}

.c0 {
  box-sizing: border-box;
  font-family: system-ui,-apple-system,BlinkMacSystemFont,'Segoe UI',Roboto,Oxygen,Ubuntu,Cantarell,'Fira Sans', 'Droid Sans','Helvetica Neue',sans-serif;
  font-size: 16px;
  font-weight: 400;
  line-height: 1.5;
  margin: 0;
  padding: 0;
  overflow-x: hidden;
  -webkit-font-smoothing: antialiased;
  text-rendering: optimizeLegibility;
  color: #435a6f;
}

.c0 *,
.c0 *::before,
.c0 *::after {
  box-sizing: inherit;
}

.c0 *:focus {
  outline: 2px solid #586ccf;
  outline-offset: 2px;
}

.c2 {
  border: 1px solid #bdbdbd;
  box-shadow: inset 0px 1px 2px #e5e5e5;
  border-radius: 0.2em;
  padding: 0.4em 0.6em;
}

.c2[disabled] {
  background-color: #f2f2f2;
  box-shadow: unset;
  color: #8d8d8d;
}

.c2:focus {
  outline: unset;
  z-index: 2;
  border-color: #586ccf;
  box-shadow: #586ccf 0px 0px 0px 1px !important;
}

.c2::-webkit-input-placeholder {
  opacity: 0.6;
}

.c2::-moz-placeholder {
  opacity: 0.6;
}

.c2:-ms-input-placeholder {
  opacity: 0.6;
}

.c2::placeholder {
  opacity: 0.6;
}

.c2 {
  border-color: #4ca26c;
  box-shadow: #4ca26c 0px 0px 0px 1px !important;
}

<div
  class="c0 c1"
>
  <input
    aria-invalid="false"
    aria-required="false"
    class="c2 c3"
    style="size: default;"
    type="text"
    value=""
  />
</div>
`;

exports[`states renders correctly for an input with state warning 1`] = `
.c1 {
  margin: unset;
  padding: unset;
  border: unset;
  background: unset;
  font: unset;
  font-family: inherit;
  font-size: 100%;
  box-sizing: border-box;
  background-color: unset;
  color: inherit;
}

.c3 {
  margin: unset;
  padding: unset;
  border: unset;
  background: unset;
  font: unset;
  font-family: inherit;
  font-size: 100%;
  box-sizing: border-box;
  background-color: white;
  color: inherit;
}

.c0 {
  box-sizing: border-box;
  font-family: system-ui,-apple-system,BlinkMacSystemFont,'Segoe UI',Roboto,Oxygen,Ubuntu,Cantarell,'Fira Sans', 'Droid Sans','Helvetica Neue',sans-serif;
  font-size: 16px;
  font-weight: 400;
  line-height: 1.5;
  margin: 0;
  padding: 0;
  overflow-x: hidden;
  -webkit-font-smoothing: antialiased;
  text-rendering: optimizeLegibility;
  color: #435a6f;
}

.c0 *,
.c0 *::before,
.c0 *::after {
  box-sizing: inherit;
}

.c0 *:focus {
  outline: 2px solid #586ccf;
  outline-offset: 2px;
}

.c2 {
  border: 1px solid #bdbdbd;
  box-shadow: inset 0px 1px 2px #e5e5e5;
  border-radius: 0.2em;
  padding: 0.4em 0.6em;
}

.c2[disabled] {
  background-color: #f2f2f2;
  box-shadow: unset;
  color: #8d8d8d;
}

.c2:focus {
  outline: unset;
  z-index: 2;
  border-color: #586ccf;
  box-shadow: #586ccf 0px 0px 0px 1px !important;
}

.c2::-webkit-input-placeholder {
  opacity: 0.6;
}

.c2::-moz-placeholder {
  opacity: 0.6;
}

.c2:-ms-input-placeholder {
  opacity: 0.6;
}

.c2::placeholder {
  opacity: 0.6;
}

.c2 {
  border-color: #ffc94c;
  box-shadow: #ffc94c 0px 0px 0px 1px !important;
}

<div
  class="c0 c1"
>
  <input
    aria-invalid="false"
    aria-required="false"
    class="c2 c3"
    style="size: default;"
    type="text"
    value=""
  />
</div>
`;

exports[`types renders correctly for an input with type date 1`] = `
.c1 {
  margin: unset;
  padding: unset;
  border: unset;
  background: unset;
  font: unset;
  font-family: inherit;
  font-size: 100%;
  box-sizing: border-box;
  background-color: unset;
  color: inherit;
}

.c3 {
  margin: unset;
  padding: unset;
  border: unset;
  background: unset;
  font: unset;
  font-family: inherit;
  font-size: 100%;
  box-sizing: border-box;
  background-color: white;
  color: inherit;
}

.c0 {
  box-sizing: border-box;
  font-family: system-ui,-apple-system,BlinkMacSystemFont,'Segoe UI',Roboto,Oxygen,Ubuntu,Cantarell,'Fira Sans', 'Droid Sans','Helvetica Neue',sans-serif;
  font-size: 16px;
  font-weight: 400;
  line-height: 1.5;
  margin: 0;
  padding: 0;
  overflow-x: hidden;
  -webkit-font-smoothing: antialiased;
  text-rendering: optimizeLegibility;
  color: #435a6f;
}

.c0 *,
.c0 *::before,
.c0 *::after {
  box-sizing: inherit;
}

.c0 *:focus {
  outline: 2px solid #586ccf;
  outline-offset: 2px;
}

.c2 {
  border: 1px solid #bdbdbd;
  box-shadow: inset 0px 1px 2px #e5e5e5;
  border-radius: 0.2em;
  padding: 0.4em 0.6em;
}

.c2[disabled] {
  background-color: #f2f2f2;
  box-shadow: unset;
  color: #8d8d8d;
}

.c2:focus {
  outline: unset;
  z-index: 2;
  border-color: #586ccf;
  box-shadow: #586ccf 0px 0px 0px 1px !important;
}

.c2::-webkit-input-placeholder {
  opacity: 0.6;
}

.c2::-moz-placeholder {
  opacity: 0.6;
}

.c2:-ms-input-placeholder {
  opacity: 0.6;
}

.c2::placeholder {
  opacity: 0.6;
}

<div
  class="c0 c1"
>
  <input
    aria-invalid="false"
    aria-required="false"
    class="c2 c3"
    style="size: default;"
    type="date"
    value=""
  />
</div>
`;

exports[`types renders correctly for an input with type email 1`] = `
.c1 {
  margin: unset;
  padding: unset;
  border: unset;
  background: unset;
  font: unset;
  font-family: inherit;
  font-size: 100%;
  box-sizing: border-box;
  background-color: unset;
  color: inherit;
}

.c3 {
  margin: unset;
  padding: unset;
  border: unset;
  background: unset;
  font: unset;
  font-family: inherit;
  font-size: 100%;
  box-sizing: border-box;
  background-color: white;
  color: inherit;
}

.c0 {
  box-sizing: border-box;
  font-family: system-ui,-apple-system,BlinkMacSystemFont,'Segoe UI',Roboto,Oxygen,Ubuntu,Cantarell,'Fira Sans', 'Droid Sans','Helvetica Neue',sans-serif;
  font-size: 16px;
  font-weight: 400;
  line-height: 1.5;
  margin: 0;
  padding: 0;
  overflow-x: hidden;
  -webkit-font-smoothing: antialiased;
  text-rendering: optimizeLegibility;
  color: #435a6f;
}

.c0 *,
.c0 *::before,
.c0 *::after {
  box-sizing: inherit;
}

.c0 *:focus {
  outline: 2px solid #586ccf;
  outline-offset: 2px;
}

.c2 {
  border: 1px solid #bdbdbd;
  box-shadow: inset 0px 1px 2px #e5e5e5;
  border-radius: 0.2em;
  padding: 0.4em 0.6em;
}

.c2[disabled] {
  background-color: #f2f2f2;
  box-shadow: unset;
  color: #8d8d8d;
}

.c2:focus {
  outline: unset;
  z-index: 2;
  border-color: #586ccf;
  box-shadow: #586ccf 0px 0px 0px 1px !important;
}

.c2::-webkit-input-placeholder {
  opacity: 0.6;
}

.c2::-moz-placeholder {
  opacity: 0.6;
}

.c2:-ms-input-placeholder {
  opacity: 0.6;
}

.c2::placeholder {
  opacity: 0.6;
}

<div
  class="c0 c1"
>
  <input
    aria-invalid="false"
    aria-required="false"
    class="c2 c3"
    style="size: default;"
    type="email"
    value=""
  />
</div>
`;

exports[`types renders correctly for an input with type number 1`] = `
.c1 {
  margin: unset;
  padding: unset;
  border: unset;
  background: unset;
  font: unset;
  font-family: inherit;
  font-size: 100%;
  box-sizing: border-box;
  background-color: unset;
  color: inherit;
}

.c3 {
  margin: unset;
  padding: unset;
  border: unset;
  background: unset;
  font: unset;
  font-family: inherit;
  font-size: 100%;
  box-sizing: border-box;
  background-color: white;
  color: inherit;
}

.c0 {
  box-sizing: border-box;
  font-family: system-ui,-apple-system,BlinkMacSystemFont,'Segoe UI',Roboto,Oxygen,Ubuntu,Cantarell,'Fira Sans', 'Droid Sans','Helvetica Neue',sans-serif;
  font-size: 16px;
  font-weight: 400;
  line-height: 1.5;
  margin: 0;
  padding: 0;
  overflow-x: hidden;
  -webkit-font-smoothing: antialiased;
  text-rendering: optimizeLegibility;
  color: #435a6f;
}

.c0 *,
.c0 *::before,
.c0 *::after {
  box-sizing: inherit;
}

.c0 *:focus {
  outline: 2px solid #586ccf;
  outline-offset: 2px;
}

.c2 {
  border: 1px solid #bdbdbd;
  box-shadow: inset 0px 1px 2px #e5e5e5;
  border-radius: 0.2em;
  padding: 0.4em 0.6em;
}

.c2[disabled] {
  background-color: #f2f2f2;
  box-shadow: unset;
  color: #8d8d8d;
}

.c2:focus {
  outline: unset;
  z-index: 2;
  border-color: #586ccf;
  box-shadow: #586ccf 0px 0px 0px 1px !important;
}

.c2::-webkit-input-placeholder {
  opacity: 0.6;
}

.c2::-moz-placeholder {
  opacity: 0.6;
}

.c2:-ms-input-placeholder {
  opacity: 0.6;
}

.c2::placeholder {
  opacity: 0.6;
}

<div
  class="c0 c1"
>
  <input
    aria-invalid="false"
    aria-required="false"
    class="c2 c3"
    style="size: default;"
    type="number"
    value=""
  />
</div>
`;

exports[`types renders correctly for an input with type password 1`] = `
.c1 {
  margin: unset;
  padding: unset;
  border: unset;
  background: unset;
  font: unset;
  font-family: inherit;
  font-size: 100%;
  box-sizing: border-box;
  background-color: unset;
  color: inherit;
}

.c3 {
  margin: unset;
  padding: unset;
  border: unset;
  background: unset;
  font: unset;
  font-family: inherit;
  font-size: 100%;
  box-sizing: border-box;
  background-color: white;
  color: inherit;
}

.c0 {
  box-sizing: border-box;
  font-family: system-ui,-apple-system,BlinkMacSystemFont,'Segoe UI',Roboto,Oxygen,Ubuntu,Cantarell,'Fira Sans', 'Droid Sans','Helvetica Neue',sans-serif;
  font-size: 16px;
  font-weight: 400;
  line-height: 1.5;
  margin: 0;
  padding: 0;
  overflow-x: hidden;
  -webkit-font-smoothing: antialiased;
  text-rendering: optimizeLegibility;
  color: #435a6f;
}

.c0 *,
.c0 *::before,
.c0 *::after {
  box-sizing: inherit;
}

.c0 *:focus {
  outline: 2px solid #586ccf;
  outline-offset: 2px;
}

.c2 {
  border: 1px solid #bdbdbd;
  box-shadow: inset 0px 1px 2px #e5e5e5;
  border-radius: 0.2em;
  padding: 0.4em 0.6em;
}

.c2[disabled] {
  background-color: #f2f2f2;
  box-shadow: unset;
  color: #8d8d8d;
}

.c2:focus {
  outline: unset;
  z-index: 2;
  border-color: #586ccf;
  box-shadow: #586ccf 0px 0px 0px 1px !important;
}

.c2::-webkit-input-placeholder {
  opacity: 0.6;
}

.c2::-moz-placeholder {
  opacity: 0.6;
}

.c2:-ms-input-placeholder {
  opacity: 0.6;
}

.c2::placeholder {
  opacity: 0.6;
}

<div
  class="c0 c1"
>
  <input
    aria-invalid="false"
    aria-required="false"
    class="c2 c3"
    style="size: default;"
    type="password"
    value=""
  />
</div>
`;

exports[`types renders correctly for an input with type search 1`] = `
.c1 {
  margin: unset;
  padding: unset;
  border: unset;
  background: unset;
  font: unset;
  font-family: inherit;
  font-size: 100%;
  box-sizing: border-box;
  background-color: unset;
  color: inherit;
}

.c3 {
  margin: unset;
  padding: unset;
  border: unset;
  background: unset;
  font: unset;
  font-family: inherit;
  font-size: 100%;
  box-sizing: border-box;
  background-color: white;
  color: inherit;
}

.c0 {
  box-sizing: border-box;
  font-family: system-ui,-apple-system,BlinkMacSystemFont,'Segoe UI',Roboto,Oxygen,Ubuntu,Cantarell,'Fira Sans', 'Droid Sans','Helvetica Neue',sans-serif;
  font-size: 16px;
  font-weight: 400;
  line-height: 1.5;
  margin: 0;
  padding: 0;
  overflow-x: hidden;
  -webkit-font-smoothing: antialiased;
  text-rendering: optimizeLegibility;
  color: #435a6f;
}

.c0 *,
.c0 *::before,
.c0 *::after {
  box-sizing: inherit;
}

.c0 *:focus {
  outline: 2px solid #586ccf;
  outline-offset: 2px;
}

.c2 {
  border: 1px solid #bdbdbd;
  box-shadow: inset 0px 1px 2px #e5e5e5;
  border-radius: 0.2em;
  padding: 0.4em 0.6em;
}

.c2[disabled] {
  background-color: #f2f2f2;
  box-shadow: unset;
  color: #8d8d8d;
}

.c2:focus {
  outline: unset;
  z-index: 2;
  border-color: #586ccf;
  box-shadow: #586ccf 0px 0px 0px 1px !important;
}

.c2::-webkit-input-placeholder {
  opacity: 0.6;
}

.c2::-moz-placeholder {
  opacity: 0.6;
}

.c2:-ms-input-placeholder {
  opacity: 0.6;
}

.c2::placeholder {
  opacity: 0.6;
}

<div
  class="c0 c1"
>
  <input
    aria-invalid="false"
    aria-required="false"
    class="c2 c3"
    style="size: default;"
    type="search"
    value=""
  />
</div>
`;

exports[`types renders correctly for an input with type tel 1`] = `
.c1 {
  margin: unset;
  padding: unset;
  border: unset;
  background: unset;
  font: unset;
  font-family: inherit;
  font-size: 100%;
  box-sizing: border-box;
  background-color: unset;
  color: inherit;
}

.c3 {
  margin: unset;
  padding: unset;
  border: unset;
  background: unset;
  font: unset;
  font-family: inherit;
  font-size: 100%;
  box-sizing: border-box;
  background-color: white;
  color: inherit;
}

.c0 {
  box-sizing: border-box;
  font-family: system-ui,-apple-system,BlinkMacSystemFont,'Segoe UI',Roboto,Oxygen,Ubuntu,Cantarell,'Fira Sans', 'Droid Sans','Helvetica Neue',sans-serif;
  font-size: 16px;
  font-weight: 400;
  line-height: 1.5;
  margin: 0;
  padding: 0;
  overflow-x: hidden;
  -webkit-font-smoothing: antialiased;
  text-rendering: optimizeLegibility;
  color: #435a6f;
}

.c0 *,
.c0 *::before,
.c0 *::after {
  box-sizing: inherit;
}

.c0 *:focus {
  outline: 2px solid #586ccf;
  outline-offset: 2px;
}

.c2 {
  border: 1px solid #bdbdbd;
  box-shadow: inset 0px 1px 2px #e5e5e5;
  border-radius: 0.2em;
  padding: 0.4em 0.6em;
}

.c2[disabled] {
  background-color: #f2f2f2;
  box-shadow: unset;
  color: #8d8d8d;
}

.c2:focus {
  outline: unset;
  z-index: 2;
  border-color: #586ccf;
  box-shadow: #586ccf 0px 0px 0px 1px !important;
}

.c2::-webkit-input-placeholder {
  opacity: 0.6;
}

.c2::-moz-placeholder {
  opacity: 0.6;
}

.c2:-ms-input-placeholder {
  opacity: 0.6;
}

.c2::placeholder {
  opacity: 0.6;
}

<div
  class="c0 c1"
>
  <input
    aria-invalid="false"
    aria-required="false"
    class="c2 c3"
    style="size: default;"
    type="tel"
    value=""
  />
</div>
`;

exports[`types renders correctly for an input with type time 1`] = `
.c1 {
  margin: unset;
  padding: unset;
  border: unset;
  background: unset;
  font: unset;
  font-family: inherit;
  font-size: 100%;
  box-sizing: border-box;
  background-color: unset;
  color: inherit;
}

.c3 {
  margin: unset;
  padding: unset;
  border: unset;
  background: unset;
  font: unset;
  font-family: inherit;
  font-size: 100%;
  box-sizing: border-box;
  background-color: white;
  color: inherit;
}

.c0 {
  box-sizing: border-box;
  font-family: system-ui,-apple-system,BlinkMacSystemFont,'Segoe UI',Roboto,Oxygen,Ubuntu,Cantarell,'Fira Sans', 'Droid Sans','Helvetica Neue',sans-serif;
  font-size: 16px;
  font-weight: 400;
  line-height: 1.5;
  margin: 0;
  padding: 0;
  overflow-x: hidden;
  -webkit-font-smoothing: antialiased;
  text-rendering: optimizeLegibility;
  color: #435a6f;
}

.c0 *,
.c0 *::before,
.c0 *::after {
  box-sizing: inherit;
}

.c0 *:focus {
  outline: 2px solid #586ccf;
  outline-offset: 2px;
}

.c2 {
  border: 1px solid #bdbdbd;
  box-shadow: inset 0px 1px 2px #e5e5e5;
  border-radius: 0.2em;
  padding: 0.4em 0.6em;
}

.c2[disabled] {
  background-color: #f2f2f2;
  box-shadow: unset;
  color: #8d8d8d;
}

.c2:focus {
  outline: unset;
  z-index: 2;
  border-color: #586ccf;
  box-shadow: #586ccf 0px 0px 0px 1px !important;
}

.c2::-webkit-input-placeholder {
  opacity: 0.6;
}

.c2::-moz-placeholder {
  opacity: 0.6;
}

.c2:-ms-input-placeholder {
  opacity: 0.6;
}

.c2::placeholder {
  opacity: 0.6;
}

<div
  class="c0 c1"
>
  <input
    aria-invalid="false"
    aria-required="false"
    class="c2 c3"
    style="size: default;"
    type="time"
    value=""
  />
</div>
`;

exports[`types renders correctly for an input with type url 1`] = `
.c1 {
  margin: unset;
  padding: unset;
  border: unset;
  background: unset;
  font: unset;
  font-family: inherit;
  font-size: 100%;
  box-sizing: border-box;
  background-color: unset;
  color: inherit;
}

.c3 {
  margin: unset;
  padding: unset;
  border: unset;
  background: unset;
  font: unset;
  font-family: inherit;
  font-size: 100%;
  box-sizing: border-box;
  background-color: white;
  color: inherit;
}

.c0 {
  box-sizing: border-box;
  font-family: system-ui,-apple-system,BlinkMacSystemFont,'Segoe UI',Roboto,Oxygen,Ubuntu,Cantarell,'Fira Sans', 'Droid Sans','Helvetica Neue',sans-serif;
  font-size: 16px;
  font-weight: 400;
  line-height: 1.5;
  margin: 0;
  padding: 0;
  overflow-x: hidden;
  -webkit-font-smoothing: antialiased;
  text-rendering: optimizeLegibility;
  color: #435a6f;
}

.c0 *,
.c0 *::before,
.c0 *::after {
  box-sizing: inherit;
}

.c0 *:focus {
  outline: 2px solid #586ccf;
  outline-offset: 2px;
}

.c2 {
  border: 1px solid #bdbdbd;
  box-shadow: inset 0px 1px 2px #e5e5e5;
  border-radius: 0.2em;
  padding: 0.4em 0.6em;
}

.c2[disabled] {
  background-color: #f2f2f2;
  box-shadow: unset;
  color: #8d8d8d;
}

.c2:focus {
  outline: unset;
  z-index: 2;
  border-color: #586ccf;
  box-shadow: #586ccf 0px 0px 0px 1px !important;
}

.c2::-webkit-input-placeholder {
  opacity: 0.6;
}

.c2::-moz-placeholder {
  opacity: 0.6;
}

.c2:-ms-input-placeholder {
  opacity: 0.6;
}

.c2::placeholder {
  opacity: 0.6;
}

<div
  class="c0 c1"
>
  <input
    aria-invalid="false"
    aria-required="false"
    class="c2 c3"
    style="size: default;"
    type="url"
    value=""
  />
</div>
`;
