// Jest Snapshot v1, https://goo.gl/fbAQLP

exports[`renders correctly for a basic field 1`] = `
.c2 {
  margin: unset;
  padding: unset;
  border: unset;
  background: unset;
  font: unset;
  font-family: inherit;
  font-size: 100%;
  box-sizing: border-box;
  background-color: unset;
  color: inherit;
}

.c2:focus:not(:focus-visible) {
  outline: none;
}

.c1 {
  display: -webkit-box;
  display: -webkit-flex;
  display: -ms-flexbox;
  display: flex;
  -webkit-flex-wrap: wrap;
  -ms-flex-wrap: wrap;
  flex-wrap: wrap;
  -webkit-align-items: flex-start;
  -webkit-box-align: flex-start;
  -ms-flex-align: flex-start;
  align-items: flex-start;
  -webkit-flex-direction: column;
  -ms-flex-direction: column;
  flex-direction: column;
}

.c1 > *:not(:last-child) {
  margin-bottom: 2rem;
}

.c8 {
  display: -webkit-box;
  display: -webkit-flex;
  display: -ms-flexbox;
  display: flex;
  -webkit-flex-wrap: wrap;
  -ms-flex-wrap: wrap;
  flex-wrap: wrap;
  -webkit-align-items: flex-start;
  -webkit-box-align: flex-start;
  -ms-flex-align: flex-start;
  align-items: flex-start;
  -webkit-flex-direction: column;
  -ms-flex-direction: column;
  flex-direction: column;
}

.c8 > *:not(:last-child) {
  margin-bottom: 1rem;
}

.c11 {
  display: -webkit-box;
  display: -webkit-flex;
  display: -ms-flexbox;
  display: flex;
  -webkit-flex-wrap: wrap;
  -ms-flex-wrap: wrap;
  flex-wrap: wrap;
  -webkit-align-items: center;
  -webkit-box-align: center;
  -ms-flex-align: center;
  align-items: center;
  -webkit-box-pack: start;
  -webkit-justify-content: flex-start;
  -ms-flex-pack: start;
  justify-content: flex-start;
  margin-left: -2rem;
  margin-top: -2rem;
}

.c11 > * {
  margin-left: 2rem;
  margin-top: 2rem;
}

.c7 {
  font-weight: 700;
  line-height: 1.2;
}

.c7:not(:last-child) {
  margin-bottom: 1rem;
}

.heading.c7 + .sub-heading {
  margin-top: -1rem;
}

h1.c7 {
  font-size: 3rem;
}

h2.c7 {
  font-size: 2.5rem;
}

h3.c7 {
  font-size: 2rem;
}

h4.c7 {
  font-size: 1.5rem;
}

h5.c7 {
  font-size: 1.25rem;
}

h6.c7 {
  font-size: 1rem;
}

.c7 .c12 {
  top: 0.15em;
}

.c7 {
  font-weight: 600;
}

.c4 {
  background-color: white;
  border-radius: 3px;
  box-shadow: 0px 2px 4px 0px rgba(0,0,0,0.1),0px 0px 0px 1px rgba(0,0,0,0.1);
}

.c9 {
  background-color: white;
  border-radius: 3px;
  border: 1px solid #e6e6e6;
}

.c0 {
  display: block;
}

.c10 {
  display: -webkit-box;
  display: -webkit-flex;
  display: -ms-flexbox;
  display: flex;
}

.c10 > * {
  -webkit-flex: 1;
  -ms-flex: 1;
  flex: 1;
}

.c3 {
  padding: 1.5rem;
}

.c5 {
  -webkit-align-items: center;
  -webkit-box-align: center;
  -ms-flex-align: center;
  align-items: center;
  display: -webkit-box;
  display: -webkit-flex;
  display: -ms-flexbox;
  display: flex;
  -webkit-flex-wrap: wrap;
  -ms-flex-wrap: wrap;
  flex-wrap: wrap;
  -webkit-box-pack: justify;
  -webkit-justify-content: space-between;
  -ms-flex-pack: justify;
  justify-content: space-between;
  padding-bottom: 1em;
  position: relative;
  width: 100%;
}

.c6 {
  margin-bottom: 0px;
}

@media screen and (max-width:768px) {
  .c10 {
    display: block;
    margin-top: 0rem;
  }
}

<div
  class="c0 c1 c2"
  spacing="major-4"
>
  <div
    aria-describedby="Card-3"
    aria-labelledby="Card-4"
    class="c3 c4 c2"
  >
    <div
      class="c5 c2"
    >
      <h5
        class="c6 sub-heading c7 c2"
        id="Card-4"
      >
        Hello
      </h5>
    </div>
    <div
      class="c2"
      id="Card-3"
    >
      World
    </div>
  </div>
  <div
    aria-describedby="Card-3"
    aria-labelledby="Card-4"
    class="c3 c4 c2"
  >
    <div
      class="c5 c2"
    >
      <h5
        class="c6 sub-heading c7 c2"
        id="Card-4"
      >
        World
      </h5>
    </div>
    <div
      class="c2"
      id="Card-3"
    >
      <div
        class="c0 c8 c2"
        spacing="major-2"
      >
        <div
          class="c3 c9 c2"
        >
          Yes queen
        </div>
        <div
          class="c3 c9 c2"
        >
          Yes queen
        </div>
      </div>
    </div>
  </div>
  <div
    class="c10 c11 c2"
    spacing="major-4"
  >
    <div
      aria-describedby="Card-3"
      aria-labelledby="Card-4"
      class="c3 c4 c2"
    >
      <div
        class="c5 c2"
      >
        <h5
          class="c6 sub-heading c7 c2"
          id="Card-4"
        >
          This is me
        </h5>
      </div>
      <div
        class="c2"
        id="Card-3"
      >
        World
      </div>
    </div>
    <div
      aria-describedby="Card-3"
      aria-labelledby="Card-4"
      class="c3 c4 c2"
    >
      <div
        class="c5 c2"
      >
        <h5
          class="c6 sub-heading c7 c2"
          id="Card-4"
        >
          This is me
        </h5>
      </div>
      <div
        class="c2"
        id="Card-3"
      >
        World
      </div>
    </div>
  </div>
</div>
`;
