// Jest Snapshot v1, https://goo.gl/fbAQLP

exports[`renders correctly for a basic field 1`] = `
.c2 {
  margin: unset;
  padding: unset;
  border: unset;
  background: unset;
  font: unset;
  font-family: inherit;
  font-size: 100%;
  box-sizing: border-box;
  background-color: unset;
  color: inherit;
}

.c2:focus:not(:focus-visible) {
  outline: none;
}

.c5 {
  margin: unset;
  padding: unset;
  border: unset;
  background: unset;
  font: unset;
  font-family: inherit;
  font-size: 100%;
  box-sizing: border-box;
  background-color: unset;
  color: inherit;
  margin-bottom: 0.5rem !important;
}

.c5:focus:not(:focus-visible) {
  outline: none;
}

.c12 {
  margin: unset;
  padding: unset;
  border: unset;
  background: unset;
  font: unset;
  font-family: inherit;
  font-size: 100%;
  box-sizing: border-box;
  background-color: white;
  color: inherit;
}

.c12:focus:not(:focus-visible) {
  outline: none;
}

.c6 {
  display: -webkit-box;
  display: -webkit-flex;
  display: -ms-flexbox;
  display: flex;
}

.c1 {
  display: -webkit-box;
  display: -webkit-flex;
  display: -ms-flexbox;
  display: flex;
  -webkit-flex-direction: column;
  -ms-flex-direction: column;
  flex-direction: column;
  -webkit-align-items: flex-start;
  -webkit-box-align: flex-start;
  -ms-flex-align: flex-start;
  align-items: flex-start;
}

.c1 > *:not(:last-child) {
  margin-bottom: 1.5rem;
}

.c4 {
  display: -webkit-box;
  display: -webkit-flex;
  display: -ms-flexbox;
  display: flex;
  -webkit-flex-wrap: wrap;
  -ms-flex-wrap: wrap;
  flex-wrap: wrap;
  -webkit-align-items: center;
  -webkit-box-align: center;
  -ms-flex-align: center;
  align-items: center;
  -webkit-box-pack: start;
  -webkit-justify-content: flex-start;
  -ms-flex-pack: start;
  justify-content: flex-start;
  margin-left: -1.5rem;
  margin-top: -1.5rem;
}

.c4 > * {
  margin-left: 1.5rem;
  margin-top: 1.5rem;
}

.c9 {
  display: inline-block;
}

.c0 {
  display: block;
}

.c3 {
  display: -webkit-box;
  display: -webkit-flex;
  display: -ms-flexbox;
  display: flex;
}

.c3 > * {
  -webkit-flex: 1;
  -ms-flex: 1;
  flex: 1;
}

.c8 {
  display: block;
  font-weight: 600;
  margin-bottom: 0.25rem;
  line-height: 1;
}

.c7 {
  margin-bottom: 0 !important;
}

.c10 {
  -webkit-align-items: center;
  -webkit-box-align: center;
  -ms-flex-align: center;
  align-items: center;
  position: relative;
  width: 100%;
}

.c11 {
  border: 1px solid #bdbdbd;
  box-shadow: inset 0px 1px 2px #e5e5e5;
  border-radius: 0.2em;
  height: 2.5em;
  width: 100%;
  padding: 0.4em 0.6em;
}

.c11[disabled] {
  background-color: #f2f2f2;
  box-shadow: unset;
  color: #8d8d8d;
}

.c11:focus {
  outline: unset;
  z-index: 2;
  border-color: #444bc9;
  box-shadow: #444bc9 0px 0px 0px 1px !important;
}

.c11::-webkit-input-placeholder {
  opacity: 0.6;
}

.c11::-moz-placeholder {
  opacity: 0.6;
}

.c11:-ms-input-placeholder {
  opacity: 0.6;
}

.c11::placeholder {
  opacity: 0.6;
}

@media screen and (max-width:768px) {
  .c3 {
    display: block;
    margin-top: 0rem;
  }
}

<div
  class="c0 c1 c2"
  spacing="major-3"
>
  <div
    class="c3 c4 c2"
    spacing="major-3"
  >
    <div
      class="c2"
    >
      <div
        class="c5"
      >
        <div
          class="c6 c2"
          style="align-items: center;"
        >
          <label
            class="c7 c8 c9 c2"
          >
            First name
          </label>
        </div>
        <div />
      </div>
      <div
        class="c10 c2"
      >
        <input
          aria-invalid="false"
          aria-required="false"
          class="c11 c12"
          name="firstName"
          type="text"
          value=""
        />
      </div>
      <div />
    </div>
    <div
      class="c2"
    >
      <div
        class="c5"
      >
        <div
          class="c6 c2"
          style="align-items: center;"
        >
          <label
            class="c7 c8 c9 c2"
          >
            Last name
          </label>
        </div>
        <div />
      </div>
      <div
        class="c10 c2"
      >
        <input
          aria-invalid="false"
          aria-required="false"
          class="c11 c12"
          name="lastName"
          type="text"
          value=""
        />
      </div>
      <div />
    </div>
  </div>
  <div
    class="c2"
  >
    <div
      class="c5"
    >
      <div
        class="c6 c2"
        style="align-items: center;"
      >
        <label
          class="c7 c8 c9 c2"
        >
          Username
        </label>
      </div>
      <div />
    </div>
    <div
      class="c10 c2"
    >
      <input
        aria-invalid="false"
        aria-required="false"
        class="c11 c12"
        name="username"
        type="text"
        value=""
      />
    </div>
    <div />
  </div>
  <div
    class="c2"
  >
    <div
      class="c5"
    >
      <div
        class="c6 c2"
        style="align-items: center;"
      >
        <label
          class="c7 c8 c9 c2"
        >
          Password
        </label>
      </div>
      <div />
    </div>
    <div
      class="c10 c2"
    >
      <input
        aria-invalid="false"
        aria-required="false"
        class="c11 c12"
        name="password"
        type="password"
        value=""
      />
    </div>
    <div />
  </div>
</div>
`;
